2026-09-29 19:27:09,436 INFO pyuvkin 0.1.0 -> /Users/hstacey/Work/pyuvkin/out/demo_bbarolo_freeform/fit_thindisk_seed
2026-09-29 19:27:09,470 INFO memory [start]: process 1.17 GB RSS; 5.37 GB available (17.2 GB total)
2026-09-29 19:27:09,478 INFO dataset: 1500 visibilities x 20 channels, 229.781-230.219 GHz; 30.0 km/s channels, v = -285..+285 km/s about 230.000000 GHz
2026-09-29 19:27:09,478 INFO image grid 52x52 at 0.05769"/pixel (Nyquist of the longest baseline 0.09141"), model rendered at 0.05769"/pixel
2026-09-29 19:27:09,478 INFO freeform surface brightness: pyuvimage on the 20 channels collapsed in the uv-plane, fov 3" -> /Users/hstacey/Work/pyuvkin/out/demo_bbarolo_freeform/fit_thindisk_seed/surface_brightness
2026-09-29 19:27:12,348 INFO   S/N >= 0.50 keeps 1222 of 2704 pixels and 98.9% of the positive flux
2026-09-29 19:27:12,348 INFO   surface-brightness map: 1.798 Jy km/s in 1222 lit pixels at 0.05769"/pixel
2026-09-29 19:27:12,348 INFO transformer auto -> dft: the exact DFT matrices take 1.3 GB (limit 1.5 GB, PYUVKIN_DFT_MAX_BYTES)
2026-09-29 19:27:14,614 INFO memory [setup]: process 1.82 GB RSS; 4.78 GB available (17.2 GB total)
2026-09-29 19:27:14,616 WARNING no prior for 'vmax_black_hole': fixed at its default 0.0
2026-09-29 19:27:14,618 INFO free parameters: ['centre_ra', 'centre_dec', 'v_sys', 'inclination', 'phi', 'turnover_radius', 'maximum_velocity', 'velocity_dispersion']
2026-09-29 19:27:14,620 INFO running stage1 lbfgs (optimisation, 2 starts) ...
2026-09-29 19:27:14,658 INFO memory [stage1]: process 1.78 GB RSS; 4.78 GB available (17.2 GB total)
2026-09-29 19:27:14,658 INFO search: lbfgs {'eps': 1e-06, 'maxiter': 200}
2026-09-29 19:27:43,771 INFO stage1 start 1/2: max log likelihood 287940.89
2026-09-29 19:27:43,771 INFO search: lbfgs {'eps': 1e-06, 'maxiter': 200}
2026-09-29 19:28:11,653 INFO stage1 start 2/2: max log likelihood 287940.77
2026-09-29 19:28:11,654 INFO stage 1 finished after 1068 likelihood evaluations
2026-09-29 19:28:11,727 INFO memory [stage1]: process 1.73 GB RSS; 4.73 GB available (17.2 GB total)
2026-09-29 19:28:11,819 INFO chi^2/N = 0.9933 (chi^2 = 59598.6, N = 60000)
2026-09-29 19:28:11,819 INFO   centre_ra            =     0.054448   truth 0.05
2026-09-29 19:28:11,819 INFO   centre_dec           =    -0.087477   truth -0.08
2026-09-29 19:28:11,819 INFO   v_sys                =       14.109   truth 15
2026-09-29 19:28:11,819 INFO   inclination          =       45.522   truth 55
2026-09-29 19:28:11,819 INFO   phi                  =       40.274   truth 40
2026-09-29 19:28:11,819 INFO   turnover_radius      =      0.14171   truth 0.15
2026-09-29 19:28:11,819 INFO   maximum_velocity     =        274.8   truth 250
2026-09-29 19:28:11,819 INFO   velocity_dispersion  =         39.5   truth 40
2026-09-29 19:28:11,820 INFO wrote best_fit_parameters.json, input_parameters.json, samples.csv
2026-09-29 19:28:11,864 INFO memory [done]: process 1.73 GB RSS; 4.69 GB available (17.2 GB total)
