2026-09-28 14:00:31,701 INFO pyuvkin 0.1.0 -> /Users/hstacey/Work/pyuvkin/out/fit
2026-09-28 14:00:31,706 INFO dataset: 1500 visibilities x 20 channels, 229.781-230.219 GHz; 30.0 km/s channels, v = -285..+285 km/s about 230.000000 GHz
2026-09-28 14:00:31,706 INFO image grid 52x52 at 0.05769"/pixel (Nyquist of the longest baseline 0.09141"), model rendered at 0.05769"/pixel
2026-09-28 14:00:31,706 INFO transformer auto -> dft: the exact DFT matrices take 1.3 GB (limit 1.5 GB, PYUVKIN_DFT_MAX_BYTES)
2026-09-28 14:00:33,240 WARNING no prior for 'vmax_black_hole': fixed at its default 0.0
2026-09-28 14:00:33,241 INFO free parameters: ['centre_ra', 'centre_dec', 'v_sys', 'intensity', 'scale_radius', 'inclination', 'phi', 'turnover_radius', 'maximum_velocity', 'velocity_dispersion']
2026-09-28 14:00:33,242 INFO running nautilus (sampling) ...
2026-09-28 14:00:33,242 INFO search: nautilus {'n_live': 200, 'number_of_cores': 1}
2026-09-28 14:15:06,599 INFO search finished after 27102 likelihood evaluations
2026-09-28 14:15:07,162 INFO chi^2/N = 0.9909 (chi^2 = 59455.7, N = 60000)
2026-09-28 14:15:07,162 INFO log evidence = 371130.56
2026-09-28 14:15:07,162 INFO   centre_ra            =     0.049883   (median 0.049868 -0.000549 +0.000547)   truth 0.05
2026-09-28 14:15:07,162 INFO   centre_dec           =    -0.080448   (median -0.080154 -0.000559 +0.000517)   truth -0.08
2026-09-28 14:15:07,162 INFO   v_sys                =        14.91   (median 14.991 -0.233 +0.234)   truth 15
2026-09-28 14:15:07,162 INFO   intensity            =       2.0002   (median 2.0021 -0.00582 +0.0059)   truth 2
2026-09-28 14:15:07,162 INFO   scale_radius         =      0.24896   (median 0.24899 -0.000817 +0.000876)   truth 0.25
2026-09-28 14:15:07,162 INFO   inclination          =       54.494   (median 54.487 -0.196 +0.191)   truth 55
2026-09-28 14:15:07,162 INFO   phi                  =       40.001   (median 39.979 -0.11 +0.109)   truth 40
2026-09-28 14:15:07,162 INFO   turnover_radius      =       0.1477   (median 0.14736 -0.00141 +0.00142)   truth 0.15
2026-09-28 14:15:07,162 INFO   maximum_velocity     =       250.13   (median 250.07 -0.967 +0.899)   truth 250
2026-09-28 14:15:07,162 INFO   velocity_dispersion  =       39.972   (median 39.977 -0.17 +0.174)   truth 40
2026-09-28 14:15:10,843 INFO wrote best_fit_parameters.json, channel_maps.png, cornerplot.png, dirty_data.fits, dirty_model.fits, dirty_residual.fits, input_parameters.json, model_cube.fits, moment_maps.png, pv_diagram.png, residual_snr.fits, samples.csv, summary.png
