2026-09-29 19:45:36,069 INFO pyuvkin 0.1.0 -> /Users/hstacey/Work/pyuvkin/out/demo_bbarolo_analytic/fit
2026-09-29 19:45:36,097 INFO memory [start]: process 1.42 GB RSS; 5.28 GB available (17.2 GB total)
2026-09-29 19:45:36,108 INFO dataset: 1500 visibilities x 20 channels, 229.781-230.219 GHz; 30.0 km/s channels, v = -285..+285 km/s about 230.000000 GHz
2026-09-29 19:45:36,109 INFO image grid 52x52 at 0.05769"/pixel (Nyquist of the longest baseline 0.09141"), model rendered at 0.05769"/pixel
2026-09-29 19:45:36,109 INFO transformer auto -> dft: the exact DFT matrices take 1.3 GB (limit 1.5 GB, PYUVKIN_DFT_MAX_BYTES)
2026-09-29 19:45:38,044 INFO memory [setup]: process 1.81 GB RSS; 5.02 GB available (17.2 GB total)
2026-09-29 19:45:38,046 INFO free parameters: ['centre_ra', 'centre_dec', 'v_sys', 'intensity', 'scale_radius', 'inclination', 'phi', 'turnover_radius', 'maximum_velocity', 'velocity_dispersion']
2026-09-29 19:45:38,047 WARNING bbarolo builds its cube from discrete clouds, so the likelihood is piecewise constant on small scales and finite-difference gradients vanish: lbfgs may stop early. Prefer a sampler (nautilus, dynesty, emcee) for this backend.
2026-09-29 19:45:38,047 INFO running stage1 lbfgs (optimisation) ...
2026-09-29 19:45:38,073 INFO memory [stage1]: process 1.81 GB RSS; 5.04 GB available (17.2 GB total)
2026-09-29 19:45:38,073 INFO search: lbfgs {'eps': 1.0, 'gtol': 0.001}
2026-09-29 19:46:11,202 INFO stage 1 finished after 531 likelihood evaluations
2026-09-29 19:46:11,248 INFO memory [stage1]: process 1.87 GB RSS; 5.05 GB available (17.2 GB total)
2026-09-29 19:46:11,362 INFO chi^2/N = 0.9990 (chi^2 = 59937.7, N = 60000)
2026-09-29 19:46:11,362 INFO   centre_ra            =     0.051822   truth 0.05
2026-09-29 19:46:11,362 INFO   centre_dec           =    -0.081084   truth -0.08
2026-09-29 19:46:11,362 INFO   v_sys                =       15.592   truth 15
2026-09-29 19:46:11,362 INFO   intensity            =       2.0167   truth 2
2026-09-29 19:46:11,362 INFO   scale_radius         =      0.23924   truth 0.25
2026-09-29 19:46:11,362 INFO   inclination          =       49.532   truth 55
2026-09-29 19:46:11,362 INFO   phi                  =       39.759   truth 40
2026-09-29 19:46:11,362 INFO   turnover_radius      =       0.1593   truth 0.15
2026-09-29 19:46:11,362 INFO   maximum_velocity     =       275.76   truth 250
2026-09-29 19:46:11,362 INFO   velocity_dispersion  =       39.786   truth 40
2026-09-29 19:46:14,993 INFO wrote best_fit_parameters.json, channel_maps.png, dirty_data.fits, dirty_model.fits, dirty_residual.fits, input_parameters.json, model_cube.fits, moment_maps.png, pv_diagram.png, residual_snr.fits, samples.csv, summary.png
2026-09-29 19:46:15,032 INFO memory [done]: process 1.92 GB RSS; 5.00 GB available (17.2 GB total)
