2026-10-04 12:30:43,644 INFO pyuvkin 0.1.0 -> out/spiral_mocks/arms_sb/fit_analytic
2026-10-04 12:30:43,684 INFO memory [start]: process 1.69 GB RSS; 3.56 GB available (17.2 GB total)
2026-10-04 12:30:43,695 INFO dataset: 2000 visibilities x 16 channels, 229.77-230.23 GHz; 40.0 km/s channels, v = -300..+300 km/s about 230.000000 GHz
2026-10-04 12:30:43,695 INFO image grid 52x52 at 0.05769"/pixel (Nyquist of the longest baseline 0.0914"), model rendered at 0.05769"/pixel
2026-10-04 12:30:43,696 INFO transformer auto -> dft: the exact DFT matrices take 1.4 GB (limit 1.5 GB, PYUVKIN_DFT_MAX_BYTES)
2026-10-04 12:30:45,818 INFO memory [setup]: process 1.91 GB RSS; 3.45 GB available (17.2 GB total)
2026-10-04 12:30:45,819 WARNING no prior for 'vrad': fixed at its default 0.0
2026-10-04 12:30:45,819 WARNING no prior for 'vmax_black_hole': fixed at its default 0.0
2026-10-04 12:30:45,820 INFO free parameters: ['centre_ra', 'centre_dec', 'v_sys', 'intensity', 'scale_radius', 'inclination', 'phi', 'turnover_radius', 'maximum_velocity', 'velocity_dispersion']
2026-10-04 12:30:45,822 INFO running stage1 lbfgs (optimisation, 4 starts) ...
2026-10-04 12:30:45,847 INFO memory [stage1]: process 1.91 GB RSS; 3.45 GB available (17.2 GB total)
2026-10-04 12:30:45,847 INFO search: lbfgs {'eps': 1e-06}
2026-10-04 12:34:52,848 INFO stage1 start 1/4: max log likelihood 355989.71
2026-10-04 12:34:52,848 INFO search: lbfgs {'eps': 1e-06}
2026-10-04 12:40:08,287 INFO stage1 start 2/4: max log likelihood 355992.74
2026-10-04 12:40:08,288 INFO search: lbfgs {'eps': 1e-06}
2026-10-04 12:44:15,897 INFO stage1 start 3/4: max log likelihood 355992.12
2026-10-04 12:44:15,898 INFO search: lbfgs {'eps': 1e-06}
2026-10-04 12:49:40,414 INFO stage1 start 4/4: max log likelihood 355990.61
2026-10-04 12:49:40,415 INFO stage 1 finished after 19636 likelihood evaluations
2026-10-04 12:49:40,456 INFO memory [stage1]: process 1.77 GB RSS; 4.28 GB available (17.2 GB total)
2026-10-04 12:49:40,592 INFO chi^2/N = 1.8745 (chi^2 = 119968.7, N = 64000)
2026-10-04 12:49:40,592 INFO   centre_ra            =     0.048508   truth 0.05
2026-10-04 12:49:40,592 INFO   centre_dec           =    -0.080852   truth -0.08
2026-10-04 12:49:40,592 INFO   v_sys                =        14.59   truth 15
2026-10-04 12:49:40,593 INFO   intensity            =       3.2513   truth 3
2026-10-04 12:49:40,593 INFO   scale_radius         =      0.48699   truth 0.511
2026-10-04 12:49:40,593 INFO   inclination          =       64.449   truth 55
2026-10-04 12:49:40,593 INFO   phi                  =       37.473   truth 40
2026-10-04 12:49:40,593 INFO   turnover_radius      =      0.22292   truth 0.25
2026-10-04 12:49:40,593 INFO   maximum_velocity     =       231.33   truth 250
2026-10-04 12:49:40,593 INFO   velocity_dispersion  =       33.017   truth 35
2026-10-04 12:49:44,575 INFO wrote best_fit_parameters.json, channel_maps.png, dirty_data.fits, dirty_model.fits, dirty_residual.fits, input_parameters.json, model_cube.fits, moment_maps.png, pv_diagram.png, residual_snr.fits, samples.csv, summary.png
2026-10-04 12:49:44,612 INFO memory [done]: process 1.88 GB RSS; 4.20 GB available (17.2 GB total)
