2026-09-29 19:44:00,852 INFO pyuvkin 0.1.0 -> /Users/hstacey/Work/pyuvkin/out/demo_bbarolo_analytic/fit_thindisk_seed
2026-09-29 19:44:00,888 INFO memory [start]: process 1.21 GB RSS; 5.25 GB available (17.2 GB total)
2026-09-29 19:44:00,900 INFO dataset: 1500 visibilities x 20 channels, 229.781-230.219 GHz; 30.0 km/s channels, v = -285..+285 km/s about 230.000000 GHz
2026-09-29 19:44:00,901 INFO image grid 52x52 at 0.05769"/pixel (Nyquist of the longest baseline 0.09141"), model rendered at 0.05769"/pixel
2026-09-29 19:44:00,901 INFO transformer auto -> dft: the exact DFT matrices take 1.3 GB (limit 1.5 GB, PYUVKIN_DFT_MAX_BYTES)
2026-09-29 19:44:02,965 INFO memory [setup]: process 1.61 GB RSS; 5.10 GB available (17.2 GB total)
2026-09-29 19:44:02,966 WARNING no prior for 'vmax_black_hole': fixed at its default 0.0
2026-09-29 19:44:02,967 INFO free parameters: ['centre_ra', 'centre_dec', 'v_sys', 'intensity', 'scale_radius', 'inclination', 'phi', 'turnover_radius', 'maximum_velocity', 'velocity_dispersion']
2026-09-29 19:44:02,968 INFO running stage1 lbfgs (optimisation, 2 starts) ...
2026-09-29 19:44:02,996 INFO memory [stage1]: process 1.61 GB RSS; 5.10 GB available (17.2 GB total)
2026-09-29 19:44:02,997 INFO search: lbfgs {'eps': 1e-06, 'maxiter': 200}
2026-09-29 19:44:55,051 INFO stage1 start 1/2: max log likelihood 287996.16
2026-09-29 19:44:55,051 INFO search: lbfgs {'eps': 1e-06, 'maxiter': 200}
2026-09-29 19:45:35,888 INFO stage1 start 2/2: max log likelihood 287988.48
2026-09-29 19:45:35,888 INFO stage 1 finished after 1535 likelihood evaluations
2026-09-29 19:45:35,924 INFO memory [stage1]: process 1.85 GB RSS; 5.07 GB available (17.2 GB total)
2026-09-29 19:45:36,023 INFO chi^2/N = 0.9915 (chi^2 = 59488.0, N = 60000)
2026-09-29 19:45:36,023 INFO   centre_ra            =     0.050288   truth 0.05
2026-09-29 19:45:36,023 INFO   centre_dec           =    -0.079732   truth -0.08
2026-09-29 19:45:36,023 INFO   v_sys                =       15.609   truth 15
2026-09-29 19:45:36,023 INFO   intensity            =       2.0277   truth 2
2026-09-29 19:45:36,023 INFO   scale_radius         =      0.24041   truth 0.25
2026-09-29 19:45:36,023 INFO   inclination          =       49.464   truth 55
2026-09-29 19:45:36,023 INFO   phi                  =       39.867   truth 40
2026-09-29 19:45:36,023 INFO   turnover_radius      =      0.16016   truth 0.15
2026-09-29 19:45:36,023 INFO   maximum_velocity     =       275.77   truth 250
2026-09-29 19:45:36,023 INFO   velocity_dispersion  =       39.893   truth 40
2026-09-29 19:45:36,023 INFO wrote best_fit_parameters.json, input_parameters.json, samples.csv
2026-09-29 19:45:36,057 INFO memory [done]: process 1.85 GB RSS; 5.06 GB available (17.2 GB total)
